DEBUG:2021-09-11 19:09:44,217:All the data has been exported to MongoDB server
